// Jest Snapshot v1, https://goo.gl/fbAQLP

exports[`Loading snapshot renders 1`] = `
<div
  className="my-3 spinner-border"
  role="status"
>
  <span
    className="sr-only"
  >
    Loading...
  </span>
</div>
`;
